
     Program PWSCF v.6.1 starts on 27Jun2017 at 11:55:32 

     This program is part of the open-source Quantum ESPRESSO suite
     for quantum simulation of materials; please cite
         "P. Giannozzi et al., J. Phys.:Condens. Matter 21 395502 (2009);
          URL http://www.quantum-espresso.org", 
     in publications or presentations arising from this work. More details at
     http://www.quantum-espresso.org/quote

     Parallel version (MPI), running on     1 processors
     Waiting for input...
     Reading input from standard input
     Message from routine read_cards :
     DEPRECATED: no units specified in ATOMIC_POSITIONS card
     Message from routine read_cards :
     ATOMIC_POSITIONS: units set to alat

     Current dimensions of program PWSCF are:
     Max number of different atomic species (ntypx) = 10
     Max number of k-points (npk) =  40000
     Max angular momentum in pseudopotentials (lmaxx) =  3

     Subspace diagonalization in iterative solution of the eigenvalue problem:
     a serial algorithm will be used


     G-vector sticks info
     --------------------
     sticks:   dense  smooth     PW     G-vecs:    dense   smooth      PW
     Sum         235     235     85                 2277     2277     531



     bravais-lattice index     =            2
     lattice parameter (alat)  =      10.2600  a.u.
     unit-cell volume          =     270.0114 (a.u.)^3
     number of atoms/cell      =            2
     number of atomic types    =            1
     number of electrons       =         8.00
     number of Kohn-Sham states=            4
     kinetic-energy cutoff     =      16.0000  Ry
     charge density cutoff     =      64.0000  Ry
     convergence threshold     =      1.0E-08
     mixing beta               =       0.7000
     number of iterations used =            8  plain     mixing
     Exchange-correlation      =  SLA  PZ   NOGX NOGC ( 1  1  0  0 0 0)

     celldm(1)=  10.260000  celldm(2)=   0.000000  celldm(3)=   0.000000
     celldm(4)=   0.000000  celldm(5)=   0.000000  celldm(6)=   0.000000

     crystal axes: (cart. coord. in units of alat)
               a(1) = (  -0.500000   0.000000   0.500000 )  
               a(2) = (   0.000000   0.500000   0.500000 )  
               a(3) = (  -0.500000   0.500000   0.000000 )  

     reciprocal axes: (cart. coord. in units 2 pi/alat)
               b(1) = ( -1.000000 -1.000000  1.000000 )  
               b(2) = (  1.000000  1.000000  1.000000 )  
               b(3) = ( -1.000000  1.000000 -1.000000 )  


     PseudoPot. # 1 for Si read from file:
     ./Si.pz-vbc.UPF
     MD5 check sum: 6dfa03ddd5817404712e03e4d12deb78
     Pseudo is Norm-conserving, Zval =  4.0
     Generated by new atomic code, or converted to UPF format
     Using radial grid of  431 points,  2 beta functions with: 
                l(1) =   0
                l(2) =   1

     atomic species   valence    mass     pseudopotential
        Si             4.00    28.08600     Si( 1.00)

     24 Sym. Ops. (no inversion) found



   Cartesian axes

     site n.     atom                  positions (alat units)
         1           Si  tau(   1) = (   0.0000000   0.0000000   0.0000000  )
         2           Si  tau(   2) = (   0.2500000   0.2500000   0.2500000  )

     number of k points=    29
                       cart. coord. in units 2pi/alat
        k(    1) = (   0.0000000   0.0000000   0.0000000), wk =   0.0039062
        k(    2) = (  -0.1250000   0.1250000  -0.1250000), wk =   0.0312500
        k(    3) = (  -0.2500000   0.2500000  -0.2500000), wk =   0.0312500
        k(    4) = (  -0.3750000   0.3750000  -0.3750000), wk =   0.0312500
        k(    5) = (   0.5000000  -0.5000000   0.5000000), wk =   0.0156250
        k(    6) = (   0.0000000   0.2500000   0.0000000), wk =   0.0234375
        k(    7) = (  -0.1250000   0.3750000  -0.1250000), wk =   0.0937500
        k(    8) = (  -0.2500000   0.5000000  -0.2500000), wk =   0.0937500
        k(    9) = (   0.6250000  -0.3750000   0.6250000), wk =   0.0937500
        k(   10) = (   0.5000000  -0.2500000   0.5000000), wk =   0.0937500
        k(   11) = (   0.3750000  -0.1250000   0.3750000), wk =   0.0937500
        k(   12) = (   0.2500000   0.0000000   0.2500000), wk =   0.0468750
        k(   13) = (   0.0000000   0.5000000   0.0000000), wk =   0.0234375
        k(   14) = (  -0.1250000   0.6250000  -0.1250000), wk =   0.0937500
        k(   15) = (   0.7500000  -0.2500000   0.7500000), wk =   0.0937500
        k(   16) = (   0.6250000  -0.1250000   0.6250000), wk =   0.0937500
        k(   17) = (   0.5000000   0.0000000   0.5000000), wk =   0.0468750
        k(   18) = (   0.0000000   0.7500000   0.0000000), wk =   0.0234375
        k(   19) = (   0.8750000  -0.1250000   0.8750000), wk =   0.0937500
        k(   20) = (   0.7500000   0.0000000   0.7500000), wk =   0.0468750
        k(   21) = (   0.0000000  -1.0000000   0.0000000), wk =   0.0117188
        k(   22) = (  -0.2500000   0.5000000   0.0000000), wk =   0.0937500
        k(   23) = (   0.6250000  -0.3750000   0.8750000), wk =   0.1875000
        k(   24) = (   0.5000000  -0.2500000   0.7500000), wk =   0.0937500
        k(   25) = (   0.7500000  -0.2500000   1.0000000), wk =   0.0937500
        k(   26) = (   0.6250000  -0.1250000   0.8750000), wk =   0.1875000
        k(   27) = (   0.5000000   0.0000000   0.7500000), wk =   0.0937500
        k(   28) = (  -0.2500000  -1.0000000   0.0000000), wk =   0.0468750
        k(   29) = (  -0.5000000  -1.0000000   0.0000000), wk =   0.0234375

     Dense  grid:     2277 G-vectors     FFT dimensions: (  20,  20,  20)

     Estimated max dynamical RAM per process >       2.11MB

     Initial potential from superposition of free atoms

     starting charge    7.99901, renormalised to    8.00000
     Starting wfc are    8 randomized atomic wfcs

     total cpu time spent up to now is        0.1 secs

     per-process dynamical memory:     5.5 Mb

     Self-consistent Calculation

     iteration #  1     ecut=    16.00 Ry     beta= 0.70
     Davidson diagonalization with overlap
     ethr =  1.00E-02,  avg # of iterations =  2.0

     Threshold (ethr) on eigenvalues was too large:
     Diagonalizing with lowered threshold

     Davidson diagonalization with overlap
     ethr =  7.48E-04,  avg # of iterations =  1.0

     total cpu time spent up to now is        0.3 secs

     total energy              =     -15.83555131 Ry
     Harris-Foulkes estimate   =     -15.85553868 Ry
     estimated scf accuracy    <       0.05936049 Ry

     iteration #  2     ecut=    16.00 Ry     beta= 0.70
     Davidson diagonalization with overlap
     ethr =  7.42E-04,  avg # of iterations =  1.0

     total cpu time spent up to now is        0.4 secs

     total energy              =     -15.83844844 Ry
     Harris-Foulkes estimate   =     -15.83875989 Ry
     estimated scf accuracy    <       0.00213199 Ry

     iteration #  3     ecut=    16.00 Ry     beta= 0.70
     Davidson diagonalization with overlap
     ethr =  2.66E-05,  avg # of iterations =  2.4

     total cpu time spent up to now is        0.5 secs

     total energy              =     -15.83887256 Ry
     Harris-Foulkes estimate   =     -15.83890256 Ry
     estimated scf accuracy    <       0.00006640 Ry

     iteration #  4     ecut=    16.00 Ry     beta= 0.70
     Davidson diagonalization with overlap
     ethr =  8.30E-07,  avg # of iterations =  2.1

     total cpu time spent up to now is        0.7 secs

     total energy              =     -15.83888706 Ry
     Harris-Foulkes estimate   =     -15.83888981 Ry
     estimated scf accuracy    <       0.00000620 Ry

     iteration #  5     ecut=    16.00 Ry     beta= 0.70
     Davidson diagonalization with overlap
     ethr =  7.75E-08,  avg # of iterations =  2.1

     total cpu time spent up to now is        0.8 secs

     total energy              =     -15.83888796 Ry
     Harris-Foulkes estimate   =     -15.83888798 Ry
     estimated scf accuracy    <       0.00000005 Ry

     iteration #  6     ecut=    16.00 Ry     beta= 0.70
     Davidson diagonalization with overlap
     ethr =  5.68E-10,  avg # of iterations =  2.7

     total cpu time spent up to now is        0.9 secs

     End of self-consistent calculation

          k = 0.0000 0.0000 0.0000 (   283 PWs)   bands (ev):

    -5.8644   6.0760   6.0760   6.0760

          k =-0.1250 0.1250-0.1250 (   301 PWs)   bands (ev):

    -5.6631   4.4729   5.7820   5.7820

          k =-0.2500 0.2500-0.2500 (   296 PWs)   bands (ev):

    -5.0617   2.1454   5.3071   5.3071

          k =-0.3750 0.3750-0.3750 (   287 PWs)   bands (ev):

    -4.1578   0.1214   4.9776   4.9776

          k = 0.5000-0.5000 0.5000 (   272 PWs)   bands (ev):

    -3.5065  -0.9079   4.8677   4.8677

          k = 0.0000 0.2500 0.0000 (   295 PWs)   bands (ev):

    -5.5915   4.7516   5.2607   5.2607

          k =-0.1250 0.3750-0.1250 (   295 PWs)   bands (ev):

    -5.1202   2.8565   4.7444   4.8239

          k =-0.2500 0.5000-0.2500 (   296 PWs)   bands (ev):

    -4.3024   0.7919   4.2293   4.4736

          k = 0.6250-0.3750 0.6250 (   287 PWs)   bands (ev):

    -3.4251  -0.6839   3.7812   4.4992

          k = 0.5000-0.2500 0.5000 (   290 PWs)   bands (ev):

    -3.6758  -0.3093   3.5970   4.7968

          k = 0.3750-0.1250 0.3750 (   294 PWs)   bands (ev):

    -4.6078   1.4537   3.7454   5.2928

          k = 0.2500 0.0000 0.2500 (   297 PWs)   bands (ev):

    -5.3213   3.3959   4.4283   5.7786

          k = 0.0000 0.5000 0.0000 (   303 PWs)   bands (ev):

    -4.7831   2.5793   4.1670   4.1670

          k =-0.1250 0.6250-0.1250 (   294 PWs)   bands (ev):

    -4.0697   1.1608   3.3814   3.8473

          k = 0.7500-0.2500 0.7500 (   290 PWs)   bands (ev):

    -3.1335  -0.2927   2.5125   3.8513

          k = 0.6250-0.1250 0.6250 (   290 PWs)   bands (ev):

    -2.9257  -0.5555   2.0484   4.1728

          k = 0.5000 0.0000 0.5000 (   295 PWs)   bands (ev):

    -3.8126   0.6107   2.2860   4.7342

          k = 0.0000 0.7500 0.0000 (   298 PWs)   bands (ev):

    -3.4643   0.3596   3.4478   3.4478

          k = 0.8750-0.1250 0.8750 (   293 PWs)   bands (ev):

    -2.5632  -0.7237   2.6066   3.3707

          k = 0.7500 0.0000 0.7500 (   288 PWs)   bands (ev):

    -2.1150  -1.1232   1.7277   3.6299

          k = 0.0000-1.0000 0.0000 (   302 PWs)   bands (ev):

    -1.7164  -1.7164   3.1985   3.1985

          k =-0.2500 0.5000 0.0000 (   296 PWs)   bands (ev):

    -4.5320   1.8045   3.3349   4.6349

          k = 0.6250-0.3750 0.8750 (   290 PWs)   bands (ev):

    -3.6366   0.2460   2.7288   4.1273

          k = 0.5000-0.2500 0.7500 (   284 PWs)   bands (ev):

    -2.9746  -0.7098   2.6036   3.8952

          k = 0.7500-0.2500 1.0000 (   296 PWs)   bands (ev):

    -3.2647   0.1414   2.6802   3.2877

          k = 0.6250-0.1250 0.8750 (   287 PWs)   bands (ev):

    -2.3795  -0.8282   1.9747   3.0865

          k = 0.5000 0.0000 0.7500 (   286 PWs)   bands (ev):

    -2.7300  -0.4651   1.8053   3.4659

          k =-0.2500-1.0000 0.0000 (   290 PWs)   bands (ev):

    -1.6311  -1.6311   2.6251   2.6251

          k =-0.5000-1.0000 0.0000 (   280 PWs)   bands (ev):

    -1.5369  -1.5369   2.1826   2.1826

     highest occupied level (ev):     6.0760

!    total energy              =     -15.83888799 Ry
     Harris-Foulkes estimate   =     -15.83888799 Ry
     estimated scf accuracy    <          7.8E-10 Ry

     The total energy is the sum of the following terms:

     one-electron contribution =       4.66627020 Ry
     hartree contribution      =       1.09021497 Ry
     xc contribution           =      -4.79444357 Ry
     ewald contribution        =     -16.80092958 Ry

     convergence has been achieved in   6 iterations

     Writing output data file si.save

     init_run     :      0.08s CPU      0.12s WALL (       1 calls)
     electrons    :      0.55s CPU      0.81s WALL (       1 calls)

     Called by init_run:
     wfcinit      :      0.06s CPU      0.08s WALL (       1 calls)
     potinit      :      0.00s CPU      0.01s WALL (       1 calls)

     Called by electrons:
     c_bands      :      0.49s CPU      0.70s WALL (       7 calls)
     sum_band     :      0.05s CPU      0.09s WALL (       7 calls)
     v_of_rho     :      0.00s CPU      0.01s WALL (       7 calls)
     mix_rho      :      0.00s CPU      0.00s WALL (       7 calls)

     Called by c_bands:
     init_us_2    :      0.02s CPU      0.03s WALL (     435 calls)
     cegterg      :      0.48s CPU      0.68s WALL (     203 calls)

     Called by sum_band:

     Called by *egterg:
     h_psi        :      0.35s CPU      0.46s WALL (     618 calls)
     g_psi        :      0.01s CPU      0.00s WALL (     386 calls)
     cdiaghg      :      0.15s CPU      0.25s WALL (     560 calls)

     Called by h_psi:
     h_psi:pot    :      0.35s CPU      0.46s WALL (     618 calls)
     h_psi:calbec :      0.01s CPU      0.01s WALL (     618 calls)
     vloc_psi     :      0.33s CPU      0.44s WALL (     618 calls)
     add_vuspsi   :      0.01s CPU      0.01s WALL (     618 calls)

     General routines
     calbec       :      0.01s CPU      0.01s WALL (     618 calls)
     fft          :      0.00s CPU      0.01s WALL (      29 calls)
     fftw         :      0.28s CPU      0.43s WALL (    5616 calls)

     Parallel routines
     fft_scatter  :      0.03s CPU      0.03s WALL (    5645 calls)

     PWSCF        :     0.71s CPU         1.06s WALL


   This run was terminated on:  11:55:33  27Jun2017            

=------------------------------------------------------------------------------=
   JOB DONE.
=------------------------------------------------------------------------------=
